[main] START
[main] EnsureGraphicsDevice...
[main] EnsureGraphicsDevice DONE
[main] InitialiseVideo...
[main] InitialiseVideo DONE
[main] SystemInit...
[main] SystemInit DONE
[main] ConfigInit...
[main] ConfigInit DONE
[main] romdatabase_open...
[main] romdatabase_open DONE
[main] main_set_core_defaults...
[main] main_set_core_defaults DONE
[main] run_rom...
game:\mupen64-360\Mario_Kart_64-.z64
[run_rom] Loading: game:\mupen64-360\Mario_Kart_64-.z64
[run_rom] ROM loaded, size=12582912
[run_rom] plugin_load_plugins...
[run_rom] plugin_load_plugins DONE
[run_rom] gfx.romOpen...
[run_rom] gfx.romOpen DONE
[run_rom] audio.romOpen...
[run_rom] audio.romOpen DONE
[run_rom] cpu_init...
[run_rom] cpu_init DONE
[run_rom] go() START...
