C:\USERS\PRESLEY\DOCUMENTS\FNAF3\XBOX64\XBOX64\RELEASE\BC.OBJ
C:\USERS\PRESLEY\DOCUMENTS\FNAF3\XBOX64\XBOX64\RELEASE\BLENDER.OBJ
C:\USERS\PRESLEY\DOCUMENTS\FNAF3\XBOX64\XBOX64\RELEASE\CALLBACKS.OBJ
C:\Users\Presley\Documents\FNAF3\xbox64\xbox64\Release\cl.command.1.tlog
C:\Users\Presley\Documents\FNAF3\xbox64\xbox64\Release\CL.read.1.tlog
C:\Users\Presley\Documents\FNAF3\xbox64\xbox64\Release\CL.write.1.tlog
C:\USERS\PRESLEY\DOCUMENTS\FNAF3\XBOX64\XBOX64\RELEASE\COMBINER.OBJ
C:\USERS\PRESLEY\DOCUMENTS\FNAF3\XBOX64\XBOX64\RELEASE\COMBINERTABLE.OBJ
C:\USERS\PRESLEY\DOCUMENTS\FNAF3\XBOX64\XBOX64\RELEASE\CONFIG.OBJ
C:\USERS\PRESLEY\DOCUMENTS\FNAF3\XBOX64\XBOX64\RELEASE\CONFIG_CORE.OBJ
C:\USERS\PRESLEY\DOCUMENTS\FNAF3\XBOX64\XBOX64\RELEASE\CONVERTIMAGE.OBJ
C:\USERS\PRESLEY\DOCUMENTS\FNAF3\XBOX64\XBOX64\RELEASE\CONVERTIMAGE16.OBJ
C:\USERS\PRESLEY\DOCUMENTS\FNAF3\XBOX64\XBOX64\RELEASE\COP0.OBJ
C:\USERS\PRESLEY\DOCUMENTS\FNAF3\XBOX64\XBOX64\RELEASE\COP1.OBJ
C:\USERS\PRESLEY\DOCUMENTS\FNAF3\XBOX64\XBOX64\RELEASE\COP1_D.OBJ
C:\USERS\PRESLEY\DOCUMENTS\FNAF3\XBOX64\XBOX64\RELEASE\COP1_L.OBJ
C:\USERS\PRESLEY\DOCUMENTS\FNAF3\XBOX64\XBOX64\RELEASE\COP1_S.OBJ
C:\USERS\PRESLEY\DOCUMENTS\FNAF3\XBOX64\XBOX64\RELEASE\COP1_W.OBJ
C:\USERS\PRESLEY\DOCUMENTS\FNAF3\XBOX64\XBOX64\RELEASE\D3D9_BACKEND.OBJ
C:\USERS\PRESLEY\DOCUMENTS\FNAF3\XBOX64\XBOX64\RELEASE\DEBUGGER.OBJ
C:\USERS\PRESLEY\DOCUMENTS\FNAF3\XBOX64\XBOX64\RELEASE\DECODEDMUX.OBJ
C:\USERS\PRESLEY\DOCUMENTS\FNAF3\XBOX64\XBOX64\RELEASE\DEVICEBUILDER.OBJ
C:\USERS\PRESLEY\DOCUMENTS\FNAF3\XBOX64\XBOX64\RELEASE\DMA.OBJ
C:\USERS\PRESLEY\DOCUMENTS\FNAF3\XBOX64\XBOX64\RELEASE\EXCEPTION.OBJ
C:\USERS\PRESLEY\DOCUMENTS\FNAF3\XBOX64\XBOX64\RELEASE\FILES_XBOX.OBJ
C:\USERS\PRESLEY\DOCUMENTS\FNAF3\XBOX64\XBOX64\RELEASE\FLASHRAM.OBJ
C:\USERS\PRESLEY\DOCUMENTS\FNAF3\XBOX64\XBOX64\RELEASE\FRAMEBUFFER.OBJ
C:\USERS\PRESLEY\DOCUMENTS\FNAF3\XBOX64\XBOX64\RELEASE\GENERALCOMBINER.OBJ
C:\USERS\PRESLEY\DOCUMENTS\FNAF3\XBOX64\XBOX64\RELEASE\GLOBALVIDEO.OBJ
C:\USERS\PRESLEY\DOCUMENTS\FNAF3\XBOX64\XBOX64\RELEASE\GRAPHICSCONTEXT.OBJ
C:\USERS\PRESLEY\DOCUMENTS\FNAF3\XBOX64\XBOX64\RELEASE\IDCT.OBJ
C:\USERS\PRESLEY\DOCUMENTS\FNAF3\XBOX64\XBOX64\RELEASE\INTERUPT.OBJ
C:\USERS\PRESLEY\DOCUMENTS\FNAF3\XBOX64\XBOX64\RELEASE\JPEG.OBJ
C:\Users\Presley\Documents\FNAF3\xbox64\xbox64\Release\link.command.1.tlog
C:\Users\Presley\Documents\FNAF3\xbox64\xbox64\Release\link.read.1.tlog
C:\Users\Presley\Documents\FNAF3\xbox64\xbox64\Release\link.write.1.tlog
C:\USERS\PRESLEY\DOCUMENTS\FNAF3\XBOX64\XBOX64\RELEASE\MAIN.OBJ
C:\USERS\PRESLEY\DOCUMENTS\FNAF3\XBOX64\XBOX64\RELEASE\MATH.OBJ
C:\USERS\PRESLEY\DOCUMENTS\FNAF3\XBOX64\XBOX64\RELEASE\MCHK.OBJ
C:\USERS\PRESLEY\DOCUMENTS\FNAF3\XBOX64\XBOX64\RELEASE\MD5.OBJ
C:\USERS\PRESLEY\DOCUMENTS\FNAF3\XBOX64\XBOX64\RELEASE\MEMORY.OBJ
C:\USERS\PRESLEY\DOCUMENTS\FNAF3\XBOX64\XBOX64\RELEASE\N64_CIC_NUS_6105.OBJ
C:\USERS\PRESLEY\DOCUMENTS\FNAF3\XBOX64\XBOX64\RELEASE\PIF.OBJ
C:\USERS\PRESLEY\DOCUMENTS\FNAF3\XBOX64\XBOX64\RELEASE\PLUGIN.OBJ
C:\USERS\PRESLEY\DOCUMENTS\FNAF3\XBOX64\XBOX64\RELEASE\PROFILE.OBJ
C:\USERS\PRESLEY\DOCUMENTS\FNAF3\XBOX64\XBOX64\RELEASE\PURE_INTERP.OBJ
C:\USERS\PRESLEY\DOCUMENTS\FNAF3\XBOX64\XBOX64\RELEASE\R4300.OBJ
C:\USERS\PRESLEY\DOCUMENTS\FNAF3\XBOX64\XBOX64\RELEASE\REGIMM.OBJ
C:\USERS\PRESLEY\DOCUMENTS\FNAF3\XBOX64\XBOX64\RELEASE\RENDER.OBJ
C:\USERS\PRESLEY\DOCUMENTS\FNAF3\XBOX64\XBOX64\RELEASE\RENDERBASE.OBJ
C:\USERS\PRESLEY\DOCUMENTS\FNAF3\XBOX64\XBOX64\RELEASE\RENDEREXT.OBJ
C:\USERS\PRESLEY\DOCUMENTS\FNAF3\XBOX64\XBOX64\RELEASE\RENDERTEXTURE.OBJ
C:\USERS\PRESLEY\DOCUMENTS\FNAF3\XBOX64\XBOX64\RELEASE\ROM.OBJ
C:\USERS\PRESLEY\DOCUMENTS\FNAF3\XBOX64\XBOX64\RELEASE\RSP_MAIN.OBJ
C:\USERS\PRESLEY\DOCUMENTS\FNAF3\XBOX64\XBOX64\RELEASE\RSP_PARSER.OBJ
C:\USERS\PRESLEY\DOCUMENTS\FNAF3\XBOX64\XBOX64\RELEASE\RSP_S2DEX.OBJ
C:\USERS\PRESLEY\DOCUMENTS\FNAF3\XBOX64\XBOX64\RELEASE\SAVESTATES.OBJ
C:\USERS\PRESLEY\DOCUMENTS\FNAF3\XBOX64\XBOX64\RELEASE\SPECIAL.OBJ
C:\USERS\PRESLEY\DOCUMENTS\FNAF3\XBOX64\XBOX64\RELEASE\STDAFX.OBJ
C:\USERS\PRESLEY\DOCUMENTS\FNAF3\XBOX64\XBOX64\RELEASE\STUBS.OBJ
C:\USERS\PRESLEY\DOCUMENTS\FNAF3\XBOX64\XBOX64\RELEASE\TEXTURE.OBJ
C:\USERS\PRESLEY\DOCUMENTS\FNAF3\XBOX64\XBOX64\RELEASE\TEXTUREFILTERS.OBJ
C:\USERS\PRESLEY\DOCUMENTS\FNAF3\XBOX64\XBOX64\RELEASE\TEXTUREFILTERS_2XSAI.OBJ
C:\USERS\PRESLEY\DOCUMENTS\FNAF3\XBOX64\XBOX64\RELEASE\TEXTUREFILTERS_HQ2X.OBJ
C:\USERS\PRESLEY\DOCUMENTS\FNAF3\XBOX64\XBOX64\RELEASE\TEXTUREFILTERS_HQ4X.OBJ
C:\USERS\PRESLEY\DOCUMENTS\FNAF3\XBOX64\XBOX64\RELEASE\TEXTUREMANAGER.OBJ
C:\USERS\PRESLEY\DOCUMENTS\FNAF3\XBOX64\XBOX64\RELEASE\TLB.OBJ
C:\USERS\PRESLEY\DOCUMENTS\FNAF3\XBOX64\XBOX64\RELEASE\TLB_R4300.OBJ
C:\USERS\PRESLEY\DOCUMENTS\FNAF3\XBOX64\XBOX64\RELEASE\UCODE1.OBJ
C:\USERS\PRESLEY\DOCUMENTS\FNAF3\XBOX64\XBOX64\RELEASE\UCODE2.OBJ
C:\USERS\PRESLEY\DOCUMENTS\FNAF3\XBOX64\XBOX64\RELEASE\UCODE3.OBJ
C:\USERS\PRESLEY\DOCUMENTS\FNAF3\XBOX64\XBOX64\RELEASE\UCODE3MP3.OBJ
C:\USERS\PRESLEY\DOCUMENTS\FNAF3\XBOX64\XBOX64\RELEASE\UTIL.OBJ
C:\USERS\PRESLEY\DOCUMENTS\FNAF3\XBOX64\XBOX64\RELEASE\VC100.PDB
C:\USERS\PRESLEY\DOCUMENTS\FNAF3\XBOX64\XBOX64\RELEASE\VIDEO.OBJ
C:\USERS\PRESLEY\DOCUMENTS\FNAF3\XBOX64\XBOX64\RELEASE\XBOX360_AUDIO.OBJ
C:\USERS\PRESLEY\DOCUMENTS\FNAF3\XBOX64\XBOX64\RELEASE\XBOX360_INPUT.OBJ
C:\USERS\PRESLEY\DOCUMENTS\FNAF3\XBOX64\XBOX64\RELEASE\XBOX64.EXE
C:\USERS\PRESLEY\DOCUMENTS\FNAF3\XBOX64\XBOX64\RELEASE\XBOX64.MAP
C:\USERS\PRESLEY\DOCUMENTS\FNAF3\XBOX64\XBOX64\RELEASE\XBOX64.PCH
C:\USERS\PRESLEY\DOCUMENTS\FNAF3\XBOX64\XBOX64\RELEASE\XBOX64.PDB
C:\Users\Presley\Documents\FNAF3\xbox64\xbox64\Release\xbox64.write.1.tlog
C:\Users\Presley\Documents\FNAF3\xbox64\xbox64\Release\xbox64.xdb
C:\Users\Presley\Documents\FNAF3\xbox64\xbox64\Release\xbox64.xex
