C:\USERS\PRESLEY\DOCUMENTS\FNAF3\XBOX64\XBOX64\DEBUG\BC.OBJ
C:\USERS\PRESLEY\DOCUMENTS\FNAF3\XBOX64\XBOX64\DEBUG\BLENDER.OBJ
C:\USERS\PRESLEY\DOCUMENTS\FNAF3\XBOX64\XBOX64\DEBUG\CALLBACKS.OBJ
C:\Users\Presley\Documents\FNAF3\xbox64\xbox64\Debug\cl.command.1.tlog
C:\Users\Presley\Documents\FNAF3\xbox64\xbox64\Debug\CL.read.1.tlog
C:\Users\Presley\Documents\FNAF3\xbox64\xbox64\Debug\CL.write.1.tlog
C:\USERS\PRESLEY\DOCUMENTS\FNAF3\XBOX64\XBOX64\DEBUG\COMBINER.OBJ
C:\USERS\PRESLEY\DOCUMENTS\FNAF3\XBOX64\XBOX64\DEBUG\COMBINERTABLE.OBJ
C:\USERS\PRESLEY\DOCUMENTS\FNAF3\XBOX64\XBOX64\DEBUG\CONFIG.OBJ
C:\USERS\PRESLEY\DOCUMENTS\FNAF3\XBOX64\XBOX64\DEBUG\CONFIG_CORE.OBJ
C:\USERS\PRESLEY\DOCUMENTS\FNAF3\XBOX64\XBOX64\DEBUG\CONVERTIMAGE.OBJ
C:\USERS\PRESLEY\DOCUMENTS\FNAF3\XBOX64\XBOX64\DEBUG\CONVERTIMAGE16.OBJ
C:\USERS\PRESLEY\DOCUMENTS\FNAF3\XBOX64\XBOX64\DEBUG\COP0.OBJ
C:\USERS\PRESLEY\DOCUMENTS\FNAF3\XBOX64\XBOX64\DEBUG\COP1.OBJ
C:\USERS\PRESLEY\DOCUMENTS\FNAF3\XBOX64\XBOX64\DEBUG\COP1_D.OBJ
C:\USERS\PRESLEY\DOCUMENTS\FNAF3\XBOX64\XBOX64\DEBUG\COP1_L.OBJ
C:\USERS\PRESLEY\DOCUMENTS\FNAF3\XBOX64\XBOX64\DEBUG\COP1_S.OBJ
C:\USERS\PRESLEY\DOCUMENTS\FNAF3\XBOX64\XBOX64\DEBUG\COP1_W.OBJ
C:\USERS\PRESLEY\DOCUMENTS\FNAF3\XBOX64\XBOX64\DEBUG\D3D9_BACKEND.OBJ
C:\USERS\PRESLEY\DOCUMENTS\FNAF3\XBOX64\XBOX64\DEBUG\DEBUGGER.OBJ
C:\USERS\PRESLEY\DOCUMENTS\FNAF3\XBOX64\XBOX64\DEBUG\DECODEDMUX.OBJ
C:\USERS\PRESLEY\DOCUMENTS\FNAF3\XBOX64\XBOX64\DEBUG\DEVICEBUILDER.OBJ
C:\USERS\PRESLEY\DOCUMENTS\FNAF3\XBOX64\XBOX64\DEBUG\DMA.OBJ
C:\USERS\PRESLEY\DOCUMENTS\FNAF3\XBOX64\XBOX64\DEBUG\EXCEPTION.OBJ
C:\USERS\PRESLEY\DOCUMENTS\FNAF3\XBOX64\XBOX64\DEBUG\FILES_XBOX.OBJ
C:\USERS\PRESLEY\DOCUMENTS\FNAF3\XBOX64\XBOX64\DEBUG\FLASHRAM.OBJ
C:\USERS\PRESLEY\DOCUMENTS\FNAF3\XBOX64\XBOX64\DEBUG\FRAMEBUFFER.OBJ
C:\USERS\PRESLEY\DOCUMENTS\FNAF3\XBOX64\XBOX64\DEBUG\GENERALCOMBINER.OBJ
C:\USERS\PRESLEY\DOCUMENTS\FNAF3\XBOX64\XBOX64\DEBUG\GLOBALVIDEO.OBJ
C:\USERS\PRESLEY\DOCUMENTS\FNAF3\XBOX64\XBOX64\DEBUG\GRAPHICSCONTEXT.OBJ
C:\USERS\PRESLEY\DOCUMENTS\FNAF3\XBOX64\XBOX64\DEBUG\IDCT.OBJ
C:\USERS\PRESLEY\DOCUMENTS\FNAF3\XBOX64\XBOX64\DEBUG\INTERUPT.OBJ
C:\USERS\PRESLEY\DOCUMENTS\FNAF3\XBOX64\XBOX64\DEBUG\JPEG.OBJ
C:\Users\Presley\Documents\FNAF3\xbox64\xbox64\Debug\link.command.1.tlog
C:\Users\Presley\Documents\FNAF3\xbox64\xbox64\Debug\link.read.1.tlog
C:\Users\Presley\Documents\FNAF3\xbox64\xbox64\Debug\link.write.1.tlog
C:\USERS\PRESLEY\DOCUMENTS\FNAF3\XBOX64\XBOX64\DEBUG\MAIN.OBJ
C:\USERS\PRESLEY\DOCUMENTS\FNAF3\XBOX64\XBOX64\DEBUG\MATH.OBJ
C:\USERS\PRESLEY\DOCUMENTS\FNAF3\XBOX64\XBOX64\DEBUG\MCHK.OBJ
C:\USERS\PRESLEY\DOCUMENTS\FNAF3\XBOX64\XBOX64\DEBUG\MD5.OBJ
C:\USERS\PRESLEY\DOCUMENTS\FNAF3\XBOX64\XBOX64\DEBUG\MEMORY.OBJ
C:\USERS\PRESLEY\DOCUMENTS\FNAF3\XBOX64\XBOX64\DEBUG\N64_CIC_NUS_6105.OBJ
C:\USERS\PRESLEY\DOCUMENTS\FNAF3\XBOX64\XBOX64\DEBUG\PIF.OBJ
C:\USERS\PRESLEY\DOCUMENTS\FNAF3\XBOX64\XBOX64\DEBUG\PLUGIN.OBJ
C:\USERS\PRESLEY\DOCUMENTS\FNAF3\XBOX64\XBOX64\DEBUG\PROFILE.OBJ
C:\USERS\PRESLEY\DOCUMENTS\FNAF3\XBOX64\XBOX64\DEBUG\PURE_INTERP.OBJ
C:\USERS\PRESLEY\DOCUMENTS\FNAF3\XBOX64\XBOX64\DEBUG\R4300.OBJ
C:\USERS\PRESLEY\DOCUMENTS\FNAF3\XBOX64\XBOX64\DEBUG\REGIMM.OBJ
C:\USERS\PRESLEY\DOCUMENTS\FNAF3\XBOX64\XBOX64\DEBUG\RENDER.OBJ
C:\USERS\PRESLEY\DOCUMENTS\FNAF3\XBOX64\XBOX64\DEBUG\RENDERBASE.OBJ
C:\USERS\PRESLEY\DOCUMENTS\FNAF3\XBOX64\XBOX64\DEBUG\RENDEREXT.OBJ
C:\USERS\PRESLEY\DOCUMENTS\FNAF3\XBOX64\XBOX64\DEBUG\RENDERTEXTURE.OBJ
C:\USERS\PRESLEY\DOCUMENTS\FNAF3\XBOX64\XBOX64\DEBUG\ROM.OBJ
C:\USERS\PRESLEY\DOCUMENTS\FNAF3\XBOX64\XBOX64\DEBUG\RSP_MAIN.OBJ
C:\USERS\PRESLEY\DOCUMENTS\FNAF3\XBOX64\XBOX64\DEBUG\RSP_PARSER.OBJ
C:\USERS\PRESLEY\DOCUMENTS\FNAF3\XBOX64\XBOX64\DEBUG\RSP_S2DEX.OBJ
C:\USERS\PRESLEY\DOCUMENTS\FNAF3\XBOX64\XBOX64\DEBUG\SAVESTATES.OBJ
C:\USERS\PRESLEY\DOCUMENTS\FNAF3\XBOX64\XBOX64\DEBUG\SPECIAL.OBJ
C:\USERS\PRESLEY\DOCUMENTS\FNAF3\XBOX64\XBOX64\DEBUG\STDAFX.OBJ
C:\USERS\PRESLEY\DOCUMENTS\FNAF3\XBOX64\XBOX64\DEBUG\STUBS.OBJ
C:\USERS\PRESLEY\DOCUMENTS\FNAF3\XBOX64\XBOX64\DEBUG\TEXTURE.OBJ
C:\USERS\PRESLEY\DOCUMENTS\FNAF3\XBOX64\XBOX64\DEBUG\TEXTUREFILTERS.OBJ
C:\USERS\PRESLEY\DOCUMENTS\FNAF3\XBOX64\XBOX64\DEBUG\TEXTUREFILTERS_2XSAI.OBJ
C:\USERS\PRESLEY\DOCUMENTS\FNAF3\XBOX64\XBOX64\DEBUG\TEXTUREFILTERS_HQ2X.OBJ
C:\USERS\PRESLEY\DOCUMENTS\FNAF3\XBOX64\XBOX64\DEBUG\TEXTUREFILTERS_HQ4X.OBJ
C:\USERS\PRESLEY\DOCUMENTS\FNAF3\XBOX64\XBOX64\DEBUG\TEXTUREMANAGER.OBJ
C:\USERS\PRESLEY\DOCUMENTS\FNAF3\XBOX64\XBOX64\DEBUG\TLB.OBJ
C:\USERS\PRESLEY\DOCUMENTS\FNAF3\XBOX64\XBOX64\DEBUG\TLB_R4300.OBJ
C:\USERS\PRESLEY\DOCUMENTS\FNAF3\XBOX64\XBOX64\DEBUG\UCODE1.OBJ
C:\USERS\PRESLEY\DOCUMENTS\FNAF3\XBOX64\XBOX64\DEBUG\UCODE2.OBJ
C:\USERS\PRESLEY\DOCUMENTS\FNAF3\XBOX64\XBOX64\DEBUG\UCODE3.OBJ
C:\USERS\PRESLEY\DOCUMENTS\FNAF3\XBOX64\XBOX64\DEBUG\UCODE3MP3.OBJ
C:\USERS\PRESLEY\DOCUMENTS\FNAF3\XBOX64\XBOX64\DEBUG\UTIL.OBJ
C:\Users\Presley\Documents\FNAF3\xbox64\xbox64\Debug\vc100.idb
C:\USERS\PRESLEY\DOCUMENTS\FNAF3\XBOX64\XBOX64\DEBUG\VC100.PDB
C:\USERS\PRESLEY\DOCUMENTS\FNAF3\XBOX64\XBOX64\DEBUG\VIDEO.OBJ
C:\USERS\PRESLEY\DOCUMENTS\FNAF3\XBOX64\XBOX64\DEBUG\XBOX360_AUDIO.OBJ
C:\USERS\PRESLEY\DOCUMENTS\FNAF3\XBOX64\XBOX64\DEBUG\XBOX360_INPUT.OBJ
C:\USERS\PRESLEY\DOCUMENTS\FNAF3\XBOX64\XBOX64\DEBUG\XBOX64.EXE
C:\USERS\PRESLEY\DOCUMENTS\FNAF3\XBOX64\XBOX64\DEBUG\XBOX64.ILK
C:\USERS\PRESLEY\DOCUMENTS\FNAF3\XBOX64\XBOX64\DEBUG\XBOX64.PCH
C:\USERS\PRESLEY\DOCUMENTS\FNAF3\XBOX64\XBOX64\DEBUG\XBOX64.PDB
C:\Users\Presley\Documents\FNAF3\xbox64\xbox64\Debug\xbox64.write.1.tlog
C:\Users\Presley\Documents\FNAF3\xbox64\xbox64\Debug\xbox64.xdb
C:\Users\Presley\Documents\FNAF3\xbox64\xbox64\Debug\xbox64.xex
